Microchip MPLAB XC8 Compiler V2.32

Linker command line:

-W-3 --edf=/Applications/microchip/xc8/v2.32/pic/dat/en_msgs.txt -cn \
  -h+dist/default/production/8DigitCounter_0_56_inch.X.production.sym \
  --cmf=dist/default/production/8DigitCounter_0_56_inch.X.production.cmf -z \
  -Q16F887 -o/tmp/xcX9i8Akr --defsym=__MPLAB_BUILD=1 \
  -Mdist/default/production/8DigitCounter_0_56_inch.X.production.map -E1 \
  -ver=XC8 Compiler --acfsm=1493 -ASTACK=0110h-016Fh -pstack=STACK \
  -ACODE=00h-07FFhx4 -ASTRCODE=00h-01FFFh -ASTRING=00h-0FFhx32 \
  -ACONST=00h-0FFhx32 -AENTRY=00h-0FFhx32 -ACOMMON=070h-07Fh \
  -ABANK0=020h-06Fh -ABANK1=0A0h-0EFh -ABANK2=0110h-016Fh \
  -ABANK3=0190h-01EFh -ARAM=020h-06Fh,0A0h-0EFh,0110h-016Fh,0190h-01EFh \
  -AABS1=020h-07Fh,0A0h-0EFh,0110h-016Fh,0190h-01EFh -ASFR0=00h-01Fh \
  -ASFR1=080h-09Fh -ASFR2=0100h-010Fh -ASFR3=0180h-018Fh \
  -ACONFIG=02007h-02008h -DCONFIG=2 -AIDLOC=02000h-02003h -DIDLOC=2 \
  -AEEDATA=00h-0FFh/02100h -peeprom_data=EEDATA -DEEDATA=2 -DCODE=2 \
  -DSTRCODE=2 -DSTRING=2 -DCONST=2 -DENTRY=2 \
  -preset_vec=00h,intentry=04h,init,end_init -ppowerup=CODE -pcinit=CODE \
  -pfunctab=ENTRY -k /tmp/xc1MggjKa.o \
  dist/default/production/8DigitCounter_0_56_inch.X.production.o 

Object code version is 3.11

Machine type is 16F887



                Name                               Link     Load   Length Selector   Space Scale
/tmp/xc1MggjKa.o
                end_init                              E        E        3        8       0
                reset_vec                             0        0        3        0       0
                config                             2007     2007        2        0       4
dist/default/production/8DigitCounter_0_56_inch.X.production.o
                cinit                                11       11       2F        8       0
                intentry                              4        4        A        8       0
                config                             2007     2007        2        0       4
                text28                             1131     1131       5E     2262       0
                text27                             1FB4     1FB4       4C     3F68       0
                text26                             1F05     1F05       24     3E0A       0
                text25                              676      676      150        8       0
                text24                             118F     118F       5E     231E       0
                text23                             1087     1087       54     210E       0
                text22                             1EE3     1EE3       22     3DC6       0
                text21                             15FD     15FD      203     2BFA       0
                text20                              836      836      1A6     106C       0
                text19                             1E5A     1E5A        F     3CB4       0
                text18                             1E30     1E30        E     3C60       0
                text17                             10DB     10DB       56     21B6       0
                text16                             12A2     12A2       B9     2544       0
                text15                             1E69     1E69        F     3CD2       0
                text14                             146D     146D      190     28DA       0
                text13                             1F29     1F29       24     3E52       0
                text12                             1E3E     1E3E        E     3C7C       0
                text11                              9DC      9DC      2EF     13B8       0
                text10                             1F75     1F75       3F     3EEA       0
                text9                              1EC2     1EC2       21     3D84       0
                text8                              1E89     1E89       1B     3D12       0
                text7                                40       40      636        8       0
                text6                               7C6      7C6       3A        8       0
                text5                              1F4D     1F4D       28     3E9A       0
                text4                              1E4C     1E4C        E     3C98       0
                text3                              11ED     11ED       B5     23DA       0
                text2                               80B      80B       2B     1016       0
                text1                              135B     135B      112     26B6       0
                maintext                            CCB      CCB      335     1996       0
                cstackBANK0                          20       20       33       20       1
                cstackCOMMON                         70       70        E       70       1
                cstackBANK1                          DC       DC        C       A0       1
                cstackBANK3                         190      190       12      190       1
                clrtext                             803      803        8     1006       0
                inittext                           1E78     1E78       11     3CF0       0
                dataBANK3                           1A2      1A2        4      190       1
                dataBANK1                            BE       BE       1E       A0       1
                bssBANK1                             A0       A0       1E       A0       1
                bssBANK0                             54       54        8       20       1
                bitbssBANK0                         298       53        8       20       1     8
                nvBANK1                              E8       E8        8       A0       1
                nvBANK0                              5C       5C        4       20       1
                strings                            1000     1000       83     2000       0
                idataBANK3                         1083     1083        4     2106       0
                idataBANK1                         1EA4     1EA4       1E     3D48       0

TOTAL           Name                               Link     Load   Length     Space
        CLASS   STACK          

        CLASS   CODE           
                end_init                              E        E        3         0
                cinit                                11       11       2F         0
                intentry                              4        4        A         0
                reset_vec                             0        0        3         0
                text28                             1131     1131       5E         0
                text27                             1FB4     1FB4       4C         0
                text26                             1F05     1F05       24         0
                text25                              676      676      150         0
                text24                             118F     118F       5E         0
                text23                             1087     1087       54         0
                text22                             1EE3     1EE3       22         0
                text21                             15FD     15FD      203         0
                text20                              836      836      1A6         0
                text19                             1E5A     1E5A        F         0
                text18                             1E30     1E30        E         0
                text17                             10DB     10DB       56         0
                text16                             12A2     12A2       B9         0
                text15                             1E69     1E69        F         0
                text14                             146D     146D      190         0
                text13                             1F29     1F29       24         0
                text12                             1E3E     1E3E        E         0
                text11                              9DC      9DC      2EF         0
                text10                             1F75     1F75       3F         0
                text9                              1EC2     1EC2       21         0
                text8                              1E89     1E89       1B         0
                text7                                40       40      636         0
                text6                               7C6      7C6       3A         0
                text5                              1F4D     1F4D       28         0
                text4                              1E4C     1E4C        E         0
                text3                              11ED     11ED       B5         0
                text2                               80B      80B       2B         0
                text1                              135B     135B      112         0
                maintext                            CCB      CCB      335         0
                clrtext                             803      803        8         0
                inittext                           1E78     1E78       11         0
                idataBANK3                         1083     1083        4         0
                idataBANK1                         1EA4     1EA4       1E         0

        CLASS   STRCODE        

        CLASS   STRING         
                strings                            1000     1000       83         0

        CLASS   CONST          

        CLASS   ENTRY          

        CLASS   COMMON         
                cstackCOMMON                         70       70        E         1

        CLASS   BANK0          
                cstackBANK0                          20       20       33         1
                bssBANK0                             54       54        8         1
                bitbssBANK0                         298       53        8         1
                nvBANK0                              5C       5C        4         1

        CLASS   BANK1          
                cstackBANK1                          DC       DC        C         1
                dataBANK1                            BE       BE       1E         1
                bssBANK1                             A0       A0       1E         1
                nvBANK1                              E8       E8        8         1

        CLASS   BANK2          

        CLASS   BANK3          
                cstackBANK3                         190      190       12         1
                dataBANK3                           1A2      1A2        4         1

        CLASS   RAM            

        CLASS   ABS1           
                abs_s1                               7E       7E        2         1

        CLASS   SFR0           

        CLASS   SFR1           

        CLASS   SFR2           

        CLASS   SFR3           

        CLASS   CONFIG         
                config                             2007     2007        2         4

        CLASS   IDLOC          

        CLASS   EEDATA         



SEGMENTS        Name                           Load    Length   Top    Selector   Space  Class     Delta

                text10                         001F75  00003F  001FB4      3EEA       0  CODE        2
                text27                         001FB4  00004C  002000      3F68       0  CODE        2
                text23                         001087  000054  0010DB      210E       0  CODE        2
                text13                         001F29  000024  001F4D      3E52       0  CODE        2
                text5                          001F4D  000028  001F75      3E9A       0  CODE        2
                text2                          00080B  00002B  000836      1016       0  CODE        2
                text17                         0010DB  000056  001131      21B6       0  CODE        2
                text3                          0011ED  0000B5  0012A2      23DA       0  CODE        2
                text16                         0012A2  0000B9  00135B      2544       0  CODE        2
                text1                          00135B  000112  00146D      26B6       0  CODE        2
                text28                         001131  00005E  00118F      2262       0  CODE        2
                text24                         00118F  00005E  0011ED      231E       0  CODE        2
                strings                        001000  000083  001083      2000       0  STRING      2
                text12                         001E3E  00000E  001E4C      3C7C       0  CODE        2
                text4                          001E4C  00000E  001E5A      3C98       0  CODE        2
                text19                         001E5A  00000F  001E69      3CB4       0  CODE        2
                idataBANK3                     001083  000004  001087      2106       0  CODE        2
                clrtext                        000803  000008  00080B      1006       0  CODE        2
                text18                         001E30  00000E  001E3E      3C60       0  CODE        2
                text15                         001E69  00000F  001E78      3CD2       0  CODE        2
                text9                          001EC2  000021  001EE3      3D84       0  CODE        2
                text22                         001EE3  000022  001F05      3DC6       0  CODE        2
                text26                         001F05  000024  001F29      3E0A       0  CODE        2
                inittext                       001E78  000011  001E89      3CF0       0  CODE        2
                text8                          001E89  00001B  001EA4      3D12       0  CODE        2
                idataBANK1                     001EA4  00001E  001EC2      3D48       0  CODE        2
                cstackBANK0                    000020  000040  000060        20       1  BANK0       1
                cstackCOMMON                   000070  00000E  00007E        70       1  COMMON      1
                reset_vec                      000000  000003  000003         0       0  CODE        2
                intentry                       000004  0007FC  000800         8       0  CODE        2
                text11                         0009DC  0002EF  000CCB      13B8       0  CODE        2
                text21                         0015FD  000203  001800      2BFA       0  CODE        2
                text14                         00146D  000190  0015FD      28DA       0  CODE        2
                text20                         000836  0001A6  0009DC      106C       0  CODE        2
                maintext                       000CCB  000335  001000      1996       0  CODE        2
                cstackBANK3                    000190  000016  0001A6       190       1  BANK3       1
                bssBANK1                       0000A0  000050  0000F0        A0       1  BANK1       1


UNUSED ADDRESS RANGES

        Name                Unused          Largest block    Delta
        BANK0            0060-006F             10           1
        BANK2            0110-016F             60           1
        BANK3            01A6-01EF             4A           1
        CODE             0003-0003              1           2
                         0800-0802              3
                         1800-1E2F            630
        CONST            0003-0003              1           2
                         0800-0802              3
                         1800-1E2F            100
        EEDATA           2100-21FF            100           2
        ENTRY            0003-0003              1           2
                         0800-0802              3
                         1800-1E2F            100
        IDLOC            2000-2003              4           2
        RAM              0060-006F             10           1
                         0110-016F             60
                         01A6-01EF             4A
        SFR0             0000-001F             20           1
        SFR1             0080-009F             20           1
        SFR2             0100-010F             10           1
        SFR3             0180-018F             10           1
        STACK            0110-016F             60           1
        STRCODE          0003-0003              1           2
                         0800-0802              3
                         1800-1E2F            630
        STRING           0003-0003              1           2
                         0800-0802              3
                         1800-1E2F            100

                                  Symbol Table

?___lldiv                       cstackBANK0  003F
?___llmod                       cstackBANK1  00DC
?___lmul                        cstackBANK0  0032
?___wmul                        cstackBANK0  0032
?_displayChange                 cstackBANK3  0190
?_increment                     cstackBANK0  004F
?i1___lldiv                     cstackCOMMON 0070
?i1___llmod                     cstackBANK0  0020
_ANSEL                          (abs)        0188
_ANSELH                         (abs)        0189
_EEADR                          (abs)        010D
_EECON1                         (abs)        018C
_EECON1bits                     (abs)        018C
_EECON2                         (abs)        018D
_EEDATA                         (abs)        010C
_FONT_DEFAULT                   strings      1006
_GIE                            (abs)        005F
_INTCONbits                     (abs)        000B
_INTE                           (abs)        005C
_INTEDG                         (abs)        040E
_INTF                           (abs)        0059
_IOCB                           (abs)        0096
_PEIE                           (abs)        005E
_RA0                            (abs)        0028
_RA1                            (abs)        0029
_RA2                            (abs)        002A
_RA3                            (abs)        002B
_RA4                            (abs)        002C
_RB1                            (abs)        0031
_RB2                            (abs)        0032
_RB3                            (abs)        0033
_RB4                            (abs)        0034
_RB5                            (abs)        0035
_RB6                            (abs)        0036
_RB7                            (abs)        0037
_RBIE                           (abs)        005B
_RBIF                           (abs)        0058
_RD2                            (abs)        0042
_RD3                            (abs)        0043
_RE1                            (abs)        0049
_RE2                            (abs)        004A
_STATUSbits                     (abs)        0003
_T1CON                          (abs)        0010
_TMR1H                          (abs)        000F
_TMR1IE                         (abs)        0460
_TMR1IF                         (abs)        0060
_TMR1L                          (abs)        000E
_TMR1ON                         (abs)        0080
_TRISA                          (abs)        0085
_TRISB                          (abs)        0086
_TRISC                          (abs)        0087
_TRISD                          (abs)        0088
_TRISE                          (abs)        0089
_WPUB                           (abs)        0095
__Habs1                         abs1         0000
__Hbank0                        bank0        0000
__Hbank1                        bank1        0000
__Hbank2                        bank2        0000
__Hbank3                        bank3        0000
__HbitbssBANK0                  bitbssBANK0  0000
__HbssBANK0                     bssBANK0     0000
__HbssBANK1                     bssBANK1     0000
__Hcinit                        cinit        0040
__Hclrtext                      clrtext      0000
__Hcode                         code         0000
__Hcommon                       common       0000
__Hconfig                       config       2009
__HcstackBANK0                  cstackBANK0  0000
__HcstackBANK1                  cstackBANK1  0000
__HcstackBANK3                  cstackBANK3  0000
__HcstackCOMMON                 cstackCOMMON 0000
__HdataBANK1                    dataBANK1    0000
__HdataBANK3                    dataBANK3    0000
__Heeprom_data                  eeprom_data  0000
__Hend_init                     end_init     0011
__Hfunctab                      functab      0000
__HidataBANK1                   idataBANK1   0000
__HidataBANK3                   idataBANK3   0000
__Hinit                         init         000E
__Hinittext                     inittext     0000
__Hintentry                     intentry     000E
__Hmaintext                     maintext     0000
__HnvBANK0                      nvBANK0      0000
__HnvBANK1                      nvBANK1      0000
__Hpowerup                      powerup      0000
__Hram                          ram          0000
__Hreset_vec                    reset_vec    0003
__Hsfr0                         sfr0         0000
__Hsfr1                         sfr1         0000
__Hsfr2                         sfr2         0000
__Hsfr3                         sfr3         0000
__Hspace_0                      (abs)        2000
__Hspace_1                      (abs)        02A0
__Hspace_2                      (abs)        0000
__Hspace_3                      (abs)        0000
__Hspace_4                      (abs)        4010
__Hstack                        stack        0000
__Hstrings                      strings      0000
__Htext                         text         0000
__Labs1                         abs1         0000
__Lbank0                        bank0        0000
__Lbank1                        bank1        0000
__Lbank2                        bank2        0000
__Lbank3                        bank3        0000
__LbitbssBANK0                  bitbssBANK0  0000
__LbssBANK0                     bssBANK0     0000
__LbssBANK1                     bssBANK1     0000
__Lcinit                        cinit        0011
__Lclrtext                      clrtext      0000
__Lcode                         code         0000
__Lcommon                       common       0000
__Lconfig                       config       0000
__LcstackBANK0                  cstackBANK0  0000
__LcstackBANK1                  cstackBANK1  0000
__LcstackBANK3                  cstackBANK3  0000
__LcstackCOMMON                 cstackCOMMON 0000
__LdataBANK1                    dataBANK1    0000
__LdataBANK3                    dataBANK3    0000
__Leeprom_data                  eeprom_data  0000
__Lend_init                     end_init     000E
__Lfunctab                      functab      0000
__LidataBANK1                   idataBANK1   0000
__LidataBANK3                   idataBANK3   0000
__Linit                         init         000E
__Linittext                     inittext     0000
__Lintentry                     intentry     0004
__Lmaintext                     maintext     0000
__LnvBANK0                      nvBANK0      0000
__LnvBANK1                      nvBANK1      0000
__Lpowerup                      powerup      0000
__Lram                          ram          0000
__Lreset_vec                    reset_vec    0000
__Lsfr0                         sfr0         0000
__Lsfr1                         sfr1         0000
__Lsfr2                         sfr2         0000
__Lsfr3                         sfr3         0000
__Lspace_0                      (abs)        0000
__Lspace_1                      (abs)        0000
__Lspace_2                      (abs)        0000
__Lspace_3                      (abs)        0000
__Lspace_4                      (abs)        0000
__Lstack                        stack        0000
__Lstrings                      strings      0000
__Ltext                         text         0000
__S0                            (abs)        2000
__S1                            (abs)        01A6
__S2                            (abs)        0000
__S3                            (abs)        0000
___int_sp                       stack        0000
___latbits                      (abs)        0002
___lldiv                        text24       118F
___lldiv@counter                cstackBANK0  004C
___lldiv@dividend               cstackBANK0  0043
___lldiv@divisor                cstackBANK0  003F
___lldiv@quotient               cstackBANK0  0048
___llmod                        text23       1087
___llmod@counter                cstackBANK0  004E
___llmod@dividend               cstackBANK1  00E0
___llmod@divisor                cstackBANK1  00DC
___lmul                         text10       1F75
___lmul@multiplicand            cstackBANK0  0036
___lmul@multiplier              cstackBANK0  0032
___lmul@product                 cstackBANK0  003B
___sp                           stack        0000
___stackhi                      (abs)        0000
___stacklo                      (abs)        0000
___wmul                         text9        1EC2
___wmul@multiplicand            cstackBANK0  0034
___wmul@multiplier              cstackBANK0  0032
___wmul@product                 cstackBANK0  0036
__end_of_FONT_DEFAULT           strings      1065
__end_of___lldiv                text24       11ED
__end_of___llmod                text23       10DB
__end_of___lmul                 text10       1FB4
__end_of___wmul                 text9        1EE3
__end_of__initialization        cinit        003C
__end_of__stringtab             strings      1006
__end_of_dataPass               text22       1F05
__end_of_display1               text21       1800
__end_of_display2               text3        12A2
__end_of_displayChange          text17       1131
__end_of_displayString          text16       135B
__end_of_editMenu               text14       15FD
__end_of_editValues             text11       0CCB
__end_of_eepromRead             text7        0676
__end_of_eeprom_read            text8        1EA4
__end_of_eeprom_write           text13       1F4D
__end_of_encoder                text6        0800
__end_of_enterSwitch            text12       1E4C
__end_of_highISR                text25       07C6
__end_of_increment              text20       09DC
__end_of_initializer            text5        1F75
__end_of_led                    text2        0836
__end_of_main                   maintext     1000
__end_of_menuSwitch             text15       1E78
__end_of_resetSwitch            text4        1E5A
__end_of_selectSwitch           text19       1E69
__end_of_upSwitch               text18       1E3E
__end_of_viewMenu               text1        146D
__end_ofi1___lldiv              text28       118F
__end_ofi1___llmod              text27       2000
__end_ofi1_eeprom_write         text26       1F29
__initialization                cinit        0011
__pbitbssBANK0                  bitbssBANK0  0298
__pbssBANK0                     bssBANK0     0054
__pbssBANK1                     bssBANK1     00A0
__pcstackBANK0                  cstackBANK0  0020
__pcstackBANK1                  cstackBANK1  00DC
__pcstackBANK3                  cstackBANK3  0190
__pcstackCOMMON                 cstackCOMMON 0070
__pdataBANK1                    dataBANK1    00BE
__pdataBANK3                    dataBANK3    01A2
__pidataBANK1                   idataBANK1   1EA4
__pidataBANK3                   idataBANK3   1083
__pintentry                     intentry     0004
__pmaintext                     maintext     0CCB
__pnvBANK0                      nvBANK0      005C
__pnvBANK1                      nvBANK1      00E8
__pstrings                      strings      1000
__ptext1                        text1        135B
__ptext10                       text10       1F75
__ptext11                       text11       09DC
__ptext12                       text12       1E3E
__ptext13                       text13       1F29
__ptext14                       text14       146D
__ptext15                       text15       1E69
__ptext16                       text16       12A2
__ptext17                       text17       10DB
__ptext18                       text18       1E30
__ptext19                       text19       1E5A
__ptext2                        text2        080B
__ptext20                       text20       0836
__ptext21                       text21       15FD
__ptext22                       text22       1EE3
__ptext23                       text23       1087
__ptext24                       text24       118F
__ptext25                       text25       0676
__ptext26                       text26       1F05
__ptext27                       text27       1FB4
__ptext28                       text28       1131
__ptext3                        text3        11ED
__ptext4                        text4        1E4C
__ptext5                        text5        1F4D
__ptext6                        text6        07C6
__ptext7                        text7        0040
__ptext8                        text8        1E89
__ptext9                        text9        1EC2
__size_of___lldiv               (abs)        0000
__size_of___llmod               (abs)        0000
__size_of___lmul                (abs)        0000
__size_of___wmul                (abs)        0000
__size_of_dataPass              (abs)        0000
__size_of_display1              (abs)        0000
__size_of_display2              (abs)        0000
__size_of_displayChange         (abs)        0000
__size_of_displayString         (abs)        0000
__size_of_editMenu              (abs)        0000
__size_of_editValues            (abs)        0000
__size_of_eepromRead            (abs)        0000
__size_of_eeprom_read           (abs)        0000
__size_of_eeprom_write          (abs)        0000
__size_of_encoder               (abs)        0000
__size_of_enterSwitch           (abs)        0000
__size_of_highISR               (abs)        0000
__size_of_increment             (abs)        0000
__size_of_initializer           (abs)        0000
__size_of_led                   (abs)        0000
__size_of_main                  (abs)        0000
__size_of_menuSwitch            (abs)        0000
__size_of_resetSwitch           (abs)        0000
__size_of_selectSwitch          (abs)        0000
__size_of_upSwitch              (abs)        0000
__size_of_viewMenu              (abs)        0000
__size_ofi1___lldiv             (abs)        0000
__size_ofi1___llmod             (abs)        0000
__size_ofi1_eeprom_write        (abs)        0000
__stringbase                    strings      1005
__stringtab                     strings      1000
_actualClothLength              dataBANK1    00D0
_blinkValue                     bssBANK0     0057
_changed                        bitbssBANK0  0298
_circumference                  dataBANK1    00D8
_count                          bssBANK1     00BA
_countingPulse                  bssBANK1     00A0
_currentClothLength             dataBANK1    00D4
_currentClothLengthBalanceMinus bssBANK1     00B4
_currentClothLengthBalancePlus  bssBANK1     00B6
_currentDisplay                 bssBANK0     005B
_currentStateCLK                bssBANK0     0059
_dataPass                       text22       1EE3
_display1                       text21       15FD
_display2                       text3        11ED
_displayChange                  text17       10DB
_displayString                  text16       12A2
_editMenu                       text14       146D
_editMenuPointer                bssBANK1     00BC
_editValue                      bssBANK1     00BB
_editValues                     text11       09DC
_eepromRead                     text7        0040
_eeprom_read                    text8        1E89
_eeprom_write                   text13       1F29
_encoder                        text6        07C6
_encoderFlag                    bitbssBANK0  029A
_encoderFlag1                   bitbssBANK0  0299
_encoderSkipCount               bssBANK1     00B2
_enterFlag                      bitbssBANK0  029F
_enterSwitch                    text12       1E3E
_highISR                        text25       0676
_hourMeter                      nvBANK0      005C
_hourMeterCounter               bssBANK1     00B0
_increment                      text20       0836
_initializer                    text5        1F4D
_last                           bssBANK0     005A
_lastPortB                      bssBANK0     0058
_led                            text2        080B
_main                           maintext     0CCB
_menuFlag                       bitbssBANK0  029E
_menuSwitch                     text15       1E69
_metrePerMin                    bssBANK1     00A8
_metrePerMinCounter             bssBANK1     00A4
_n                              bssBANK0     0056
_nRBPU                          (abs)        040F
_password                       bssBANK1     00AC
_previousCurrentClothLength     nvBANK1      00EC
_pulse                          dataBANK1    00CC
_resetCounter                   nvBANK1      00E8
_resetFlag                      bitbssBANK0  029B
_resetSwitch                    text4        1E4C
_rpm                            dataBANK3    01A2
_rpmCounter                     bssBANK0     0054
_segCode                        dataBANK1    00BE
_selectFlag                     bitbssBANK0  029C
_selectSwitch                   text19       1E5A
_skipCount                      bssBANK1     00B8
_timerCount                     bssBANK1     00B9
_upFlag                         bitbssBANK0  029D
_upSwitch                       text18       1E30
_viewMenu                       text1        135B
_viewMenu$920                   cstackBANK3  0191
_viewMenuPointer                bssBANK1     00BD
_warningClothLength             dataBANK1    00C8
btemp                           (abs)        007E
clear_ram0                      clrtext      0803
dataPass@data                   cstackBANK0  0031
dataPass@i                      cstackBANK0  0032
display1@dot                    cstackBANK1  00E7
display1@dot1                   cstackBANK1  00E6
display1@value                  cstackBANK0  004F
display2@value                  cstackBANK0  004F
displayChange@value             cstackBANK3  0190
displayString@string            cstackBANK0  0035
eeprom_read@addr                cstackBANK0  0031
eeprom_write@addr               cstackBANK0  0051
eeprom_write@value              cstackBANK0  004F
end_of_initialization           cinit        003C
i1___lldiv                      text28       1131
i1___lldiv@counter              cstackCOMMON 007D
i1___lldiv@dividend             cstackCOMMON 0074
i1___lldiv@divisor              cstackCOMMON 0070
i1___lldiv@quotient             cstackCOMMON 0079
i1___llmod                      text27       1FB4
i1___llmod@counter              cstackBANK0  0029
i1___llmod@dividend             cstackBANK0  0024
i1___llmod@divisor              cstackBANK0  0020
i1_eeprom_write                 text26       1F05
i1eeprom_write@addr             cstackBANK0  002C
i1eeprom_write@value            cstackBANK0  002A
increment@value                 cstackBANK0  004F
init_fetch0                     inittext     1E78
init_ram0                       inittext     1E7C
interrupt_function              intentry     0004
intlevel0                       functab      0000
intlevel1                       functab      0000
intlevel2                       functab      0000
intlevel3                       functab      0000
intlevel4                       functab      0000
intlevel5                       functab      0000
led@value                       cstackBANK0  0035
reset_vec                       reset_vec    0000
saved_w                         (abs)        007E
start                           init         000E
start_initialization            cinit        0011
wtemp0                          (abs)        007E


MODULE INFORMATION

Module		Function		Class		Link	Load	Size
/Applications/microchip/xc8/v2.32/pic/sources/c90/common/Umul32.c
		___lmul        		CODE           	1F75	0000	63

/Applications/microchip/xc8/v2.32/pic/sources/c90/common/Umul32.c estimated size: 63

/Applications/microchip/xc8/v2.32/pic/sources/c90/pic/__eeread.c
		_eeprom_read   		CODE           	1E89	0000	27

/Applications/microchip/xc8/v2.32/pic/sources/c90/pic/__eeread.c estimated size: 27

/Applications/microchip/xc8/v2.32/pic/sources/c90/common/llmod.c
		___llmod       		CODE           	1087	0000	84

/Applications/microchip/xc8/v2.32/pic/sources/c90/common/llmod.c estimated size: 84

newmain.c
		_display1      		CODE           	15FD	0000	515
		_display2      		CODE           	11ED	0000	181
		_enterSwitch   		CODE           	1E3E	0000	14
		_editValues    		CODE           	09DC	0000	751
		_main          		CODE           	0CCB	0000	821
		_displayChange 		CODE           	10DB	0000	86
		_displayString 		CODE           	12A2	0000	185
		_highISR       		CODE           	0676	0000	336
		_editMenu      		CODE           	146D	0000	400
		_resetSwitch   		CODE           	1E4C	0000	14
		_upSwitch      		CODE           	1E30	0000	14
		_menuSwitch    		CODE           	1E69	0000	15
		_encoder       		CODE           	07C6	0000	58
		_led           		CODE           	080B	0000	43
		_dataPass      		CODE           	1EE3	0000	34
		_initializer   		CODE           	1F4D	0000	40
		_viewMenu      		CODE           	135B	0000	274
		_selectSwitch  		CODE           	1E5A	0000	15
		_eepromRead    		CODE           	0040	0000	1590
		_increment     		CODE           	0836	0000	422

newmain.c estimated size: 5808

shared
		__stringtab    		STRING         	1000	0000	6
		_FONT_DEFAULT  		STRING         	1006	0000	95
		i1___lldiv     		CODE           	1131	0000	94
		__initialization		CODE           	0011	0000	43
		i1___llmod     		CODE           	1FB4	0000	76
		i1_eeprom_write		CODE           	1F05	0000	36

shared estimated size: 350

/Applications/microchip/xc8/v2.32/pic/sources/c90/common/__lldiv.c
		___lldiv       		CODE           	118F	0000	94

/Applications/microchip/xc8/v2.32/pic/sources/c90/common/__lldiv.c estimated size: 94

/Applications/microchip/xc8/v2.32/pic/sources/c90/common/Umul16.c
		___wmul        		CODE           	1EC2	0000	33

/Applications/microchip/xc8/v2.32/pic/sources/c90/common/Umul16.c estimated size: 33

/Applications/microchip/xc8/v2.32/pic/sources/c90/pic/__eewrite.c
		_eeprom_write  		CODE           	1F29	0000	36

/Applications/microchip/xc8/v2.32/pic/sources/c90/pic/__eewrite.c estimated size: 36

